[t-ready.ru/gotovie-sayti/consulting/psiholog.html]
[backblue.gif]
[fade.gif]
[index.html]
[static.tildacdn.com/tild6436-6337-4266-a363-636438643232/Screenshot_2.png]
[static.tildacdn.com/tild3334-6566-4035-a538-373561313538/Group_1.png]
[neo.tildacdn.com/js/tilda-fallback-1.0.min.js]
[static.tildacdn.com/css/tilda-grid-3.0.min.css]
[static.tildacdn.com/ws/project5366265/tilda-blocks-page52517019.minb935.css]
[static.tildacdn.com/css/tilda-animation-2.0.min.css]
[static.tildacdn.com/css/tilda-cards-1.0.min.css]
[static.tildacdn.com/css/tilda-slds-1.4.min.css]
[static.tildacdn.com/css/tilda-popup-1.1.min.css]
[static.tildacdn.com/css/tilda-forms-1.0.min.css]
[static.tildacdn.com/css/tilda-menu-widgeticons-1.0.min.css]
[static.tildacdn.com/css/tilda-cart-1.0.min.css]
[static.tildacdn.com/css/tilda-wishlist-1.0.min.css]
[t-ready.ru/customb935.css]
[static.tildacdn.com/js/tilda-polyfill-1.0.min.js]
[static.tildacdn.com/js/jquery-1.10.2.min.js]
[t-ready.ru/gotovie-sayti/consulting/OPR/index.html]
[static.tildacdn.com/js/tilda-scripts-3.0.min.js]
[static.tildacdn.com/ws/project5366265/tilda-blocks-page52517019.minb935.js]
[static.tildacdn.com/js/tilda-lazyload-1.0.min.js]
[static.tildacdn.com/js/tilda-animation-2.0.min.js]
[static.tildacdn.com/js/tilda-zero-1.1.min.js]
[static.tildacdn.com/js/tilda-cards-1.0.min.js]
[static.tildacdn.com/js/tilda-slds-1.4.min.js]
[static.tildacdn.com/js/hammer.min.js]
[static.tildacdn.com/js/tilda-popup-1.0.min.js]
[static.tildacdn.com/js/tilda-video-1.0.min.js]
[static.tildacdn.com/js/tilda-forms-1.0.min.js]
[static.tildacdn.com/js/tilda-menu-1.0.min.js]
[static.tildacdn.com/js/tilda-menu-widgeticons-1.0.min.js]
[static.tildacdn.com/js/tilda-submenublocks-1.0.min.js]
[static.tildacdn.com/js/tilda-widget-positions-1.0.min.js]
[static.tildacdn.com/js/tilda-cart-1.1.min.js]
[static.tildacdn.com/js/tilda-wishlist-1.0.min.js]
[static.tildacdn.com/js/tilda-zero-forms-1.0.min.js]
[static.tildacdn.com/js/tilda-animation-sbs-1.0.min.js]
[static.tildacdn.com/js/tilda-zero-scale-1.0.min.js]
[static.tildacdn.com/js/tilda-zero-fixed-1.0.min.js]
[static.tildacdn.com/js/tilda-skiplink-1.0.min.js]
[static.tildacdn.com/js/tilda-events-1.0.min.js]
[static.tildacdn.com/tild3635-6262-4435-a433-613561313632/icons8-whatsapp-96.png]
[thb.tildacdn.com/tild3635-6262-4435-a433-613561313632/-/resize/20x/icons8-whatsapp-96.png]
[static.tildacdn.com/tild6430-6436-4364-b832-633939366630/icons8--app-96.png]
[thb.tildacdn.com/tild6430-6436-4364-b832-633939366630/-/resize/20x/icons8--app-96.png]
[thb.tildacdn.com/tild3331-6438-4530-b437-626139613261/-/resize/20x/Group_1.png]
[static.tildacdn.com/tild6233-3931-4335-b033-343265356563/full-shot-woman-taki.jpg]
[static.tildacdn.com/tild6639-6530-4437-a531-326438353061/sertifikat-metody.jpg]
[thb.tildacdn.com/tild6639-6530-4437-a531-326438353061/-/resizeb/20x/sertifikat-metody.jpg]
[static.tildacdn.com/tild6564-6636-4763-a633-383135373332/Screenshot_1.png]
[thb.tildacdn.com/tild6564-6636-4763-a633-383135373332/-/resizeb/20x/Screenshot_1.png]
[thb.tildacdn.com/tild6135-6461-4332-a330-653537303665/-/resize/20x/icons8----96.png]
[thb.tildacdn.com/tild3636-3634-4562-b331-353262653332/-/resize/20x/icons8--96.png]
[thb.tildacdn.com/tild6232-3531-4666-b635-616638623762/-/resize/20x/icons8--96.png]
[thb.tildacdn.com/tild3733-3838-4533-b366-323030626261/-/resize/20x/icons8---96.png]
[static.tildacdn.com/tild6230-3835-4236-b131-613764363161/david-french-N0e6W2W.png]
[thb.tildacdn.com/tild6230-3835-4236-b131-613764363161/-/resizeb/20x/david-french-N0e6W2W.png]
[static.tildacdn.com/tild6164-6235-4538-a331-316538666434/alexander-jawfox-L_6.png]
[thb.tildacdn.com/tild6164-6235-4538-a331-316538666434/-/resizeb/20x/alexander-jawfox-L_6.png]
[static.tildacdn.com/tild3964-3964-4138-b231-383737643365/mathilde-langevin-j5.png]
[thb.tildacdn.com/tild3964-3964-4138-b231-383737643365/-/resizeb/20x/mathilde-langevin-j5.png]
[t-ready.ru/gotovie-sayti/consulting/psiholog/privacy.html]
[static.tildacdn.com/js/tilda-phone-mask-1.1.min.js]
[t-ready.ru/gotovie-sayti/consulting/tproduct/826856692-532727632292-sait-psihologa-psihologicheskie-konsulta.html]
[static.tildacdn.com/img/tildacopy_black.png]
[mc.yandex.ru/metrika/tag.js]
[t-ready.ru/gotovie-sayti/consulting/psiholog.html]
[static.tildacdn.com/css/tilda-grid-3.0.min.css]
[static.tildacdn.com/ws/project5366265/tilda-blocks-page52517019.minb935.css]
[static.tildacdn.com/css/tilda-animation-2.0.min.css]
[static.tildacdn.com/css/tilda-cards-1.0.min.css]
[static.tildacdn.com/css/tilda-slds-1.4.min.css]
[static.tildacdn.com/css/tilda-popup-1.1.min.css]
[static.tildacdn.com/css/tilda-forms-1.0.min.css]
[static.tildacdn.com/css/tilda-menu-widgeticons-1.0.min.css]
[static.tildacdn.com/css/tilda-cart-1.0.min.css]
[static.tildacdn.com/css/tilda-wishlist-1.0.min.css]
[t-ready.ru/customb935.css]
[t-ready.ru/gotovie-sayti/consulting/OPR/index.html]
[static.tildacdn.com/js/tilda-stat-1.0.min.js]
[static.tildacdn.com/ws/project5366265/tilda-blocks-page57956193.mine2c9.css]
[t-ready.ru/custome2c9.css]
[t-ready.ru/gotovie-sayti/consulting/psiholog/privacy.html]
[static.tildacdn.com/ws/project5366265/tilda-blocks-page57956193.mine2c9.js]
[static.tildacdn.com/stor3537-3163-4965-a661-663662373534/87770648.png]
[t-ready.ru/gotovie-sayti/consulting/psiholog/OPR/index.html]
[static.tildacdn.com/ws/project5366265/tilda-blocks-page26493654.min8beb.css]
[static.tildacdn.com/ws/project5366265/tilda-blocks-page30508265.min8beb.css]
[static.tildacdn.com/ws/project5366265/tilda-blocks-page26941051.min6403.css]
[static.tildacdn.com/css/tilda-catalog-1.1.min.css]
[static.tildacdn.com/css/tilda-catalog-filters-1.0.min.css]
[static.tildacdn.com/css/tilda-zoom-2.0.min.css]
[t-ready.ru/custom6403.css]
[static.tildacdn.com/ws/project5366265/tilda-blocks-page26493654.min8beb.js]
[static.tildacdn.com/ws/project5366265/tilda-blocks-page30508265.min8beb.js]
[static.tildacdn.com/ws/project5366265/tilda-blocks-page26941051.min6403.js]
[t-ready.ru/gotovie-sayti/consulting/tproduct/OPR/index.html]
[static.tildacdn.com/js/tilda-products-1.0.min.js]
[static.tildacdn.com/js/tilda-catalog-1.1.min.js]
[static.tildacdn.com/js/tilda-zoom-2.0.min.js]
[static.tildacdn.com/js/tilda-zero-top-shift-1.0.min.js]
[static.tildacdn.com/tild6232-6662-4534-b862-346537623535/image_37.png]
[static.tildacdn.com/tild3638-3565-4638-b932-656265623835/icons8-whatsapp-96.png]
[static.tildacdn.com/tild3038-3862-4561-b966-313366626433/icons8--app-96.png]
[static.tildacdn.com/tild6234-3734-4037-a234-343364666662/icons8-whatsapp-96_1.png]
[static.tildacdn.com/tild3136-6534-4739-a664-613363633230/icons8--app-96_1.png]
[static.tildacdn.com/tild6634-6535-4166-b338-613139643366/Mask_group_1.png]
[static.tildacdn.com/tild3139-6665-4262-b061-656166373535/Mask_group.png]
[static.tildacdn.com/tild3031-6636-4662-b965-336363656562/icons8-whatsapp-48.png]
[static.tildacdn.com/tild3764-3432-4261-b533-353064316339/icons8--app-60.png]
[static.tildacdn.com/tild3038-3333-4361-b261-393536653265/Mask_group_2.png]
[static.tildacdn.com/tild6436-3434-4664-b935-313637643961/behance.png]
[static.tildacdn.com/tild3436-3764-4538-b930-666265396665/image-4-1.png]
[t-ready.ru/gotovie-sayti/consulting/tproduct/826856692-532727632292-sait-psihologa-psihologicheskie-konsulta.html]
[static.tildacdn.com/ws/project5366265/tilda-blocks-page57956193.mine2c9.css]
[t-ready.ru/custome2c9.css]
[t-ready.ru/gotovie-sayti/consulting/psiholog/OPR/index.html]
[static.tildacdn.com/ws/project5366265/tilda-blocks-page26493654.min8beb.css]
[static.tildacdn.com/ws/project5366265/tilda-blocks-page30508265.min8beb.css]
[static.tildacdn.com/ws/project5366265/tilda-blocks-page26941051.min6403.css]
[static.tildacdn.com/css/tilda-catalog-1.1.min.css]
[static.tildacdn.com/css/tilda-catalog-filters-1.0.min.css]
[static.tildacdn.com/css/tilda-zoom-2.0.min.css]
[t-ready.ru/custom6403.css]
[t-ready.ru/gotovie-sayti/consulting/tproduct/OPR/index.html]
[static.tildacdn.com/js/tilda-promocode-1.0.min.js]
